Dodatak - Kreiranje diskova, FV, LV, RAID


Radjeno na xubuntu

*PRIKAZ KREIRANIH DISKOVA

    sudo -i
    lsblk
    NAME   MAJ:MIN RM  SIZE RO TYPE MOUNTPOINT
    sda      8:0    0   10G  0 disk 
    └─sda1   8:1    0   10G  0 part /
    sdb      8:16   0    3G  0 disk 
    sdc      8:32   0    3G  0 disk 
    sdd      8:48   0    3G  0 disk 
    sde      8:64   0    4G  0 disk 
    sdf      8:80   0    5G  0 disk 
    sr0     11:0    1 1024M  0 rom  


*OBRADA DISKOVA SA FDISK

    **3 diska po 3G fd**
  
        sudo fdisk /dev/sd_

        Device     Boot Start     End Sectors Size Id Type
        /dev/sdb1        2048 6291455 6289408   3G fd Linux raid autodetect

        Device     Boot Start     End Sectors Size Id Type
        /dev/sdc1        2048 6291455 6289408   3G fd Linux raid autodetect

        Device     Boot Start     End Sectors Size Id Type
        /dev/sdd1        2048 6291455 6289408   3G fd Linux raid autodetect


    **1 disk od 4G 8e**

        Device     Boot Start     End Sectors Size Id Type
        /dev/sde1        2048 8388607 8386560   4G 8e Linux LVM


    **1 disk od 5G 8e**

        Device     Boot Start      End  Sectors Size Id Type
        /dev/sdf1        2048 10485759 10483712   5G 8e Linux LVM
   
Pregled novog stanja:

    lsblk
    NAME   MAJ:MIN RM  SIZE RO TYPE MOUNTPOINT
    sda      8:0    0   10G  0 disk 
    └─sda1   8:1    0   10G  0 part /
    sdb      8:16   0    3G  0 disk 
    └─sdb1   8:17   0    3G  0 part 
    sdc      8:32   0    3G  0 disk 
    └─sdc1   8:33   0    3G  0 part 
    sdd      8:48   0    3G  0 disk 
    └─sdd1   8:49   0    3G  0 part 
    sde      8:64   0    4G  0 disk 
    └─sde1   8:65   0    4G  0 part 
    sdf      8:80   0    5G  0 disk 
    └─sdf1   8:81   0    5G  0 part 
    sr0     11:0    1 1024M  0 rom  


*KREIRANJE RAID 5 OD 3 DISKA (3X3G)

    mdadm --create /dev/md0 -n 3 -l raid5 /dev/sd[bcd]1

Pregled stanja:

    lsblk
    NAME    MAJ:MIN RM   SIZE RO TYPE  MOUNTPOINT
    sda       8:0    0    10G  0 disk  
    └─sda1    8:1    0    10G  0 part  /
    sdb       8:16   0     3G  0 disk  
    └─sdb1    8:17   0     3G  0 part  
      └─md0   9:0    0     6G  0 raid5 
    sdc       8:32   0     3G  0 disk  
    └─sdc1    8:33   0     3G  0 part  
      └─md0   9:0    0     6G  0 raid5 
    sdd       8:48   0     3G  0 disk  
    └─sdd1    8:49   0     3G  0 part  
      └─md0   9:0    0     6G  0 raid5 
    sde       8:64   0     4G  0 disk  
    └─sde1    8:65   0     4G  0 part  
    sdf       8:80   0     5G  0 disk  
    └─sdf1    8:81   0     5G  0 part  
    sr0      11:0    1  1024M  0 rom   

Pregled sa komandom cat: 
 
    cat /proc/mdstat
    Personalities : [raid6] [raid5] [raid4] 
    md0 : active raid5 sdd1[3] sdc1[1] sdb1[0]
          6283264 blocks super 1.2 level 5, 512k chunk, algorithm 2 [3/3] [UUU]      
    unused devices: <none>

Pregled sa mdadm:

    mdadm -D /dev/md0
    
               /dev/md0:
               Version : 1.2
         Creation Time : Wed Apr 10 09:18:25 2019
            Raid Level : raid5
            Array Size : 6283264 (5.99 GiB 6.43 GB)
         Used Dev Size : 3141632 (3.00 GiB 3.22 GB)
          Raid Devices : 3
         Total Devices : 3
           Persistence : Superblock is persistent

           Update Time : Wed Apr 10 09:19:56 2019
                 State : clean 
        Active Devices : 3
       Working Devices : 3
        Failed Devices : 0
         Spare Devices : 0

                Layout : left-symmetric
            Chunk Size : 512K

    Consistency Policy : resync

                  Name : bozo-VirtualBox:0  (local to host bozo-VirtualBox)
                  UUID : cd262e3d:2c0b2f2d:7d0e49df:97537a45
                Events : 18

    Number   Major   Minor   RaidDevice State
       0       8       17        0      active sync   /dev/sdb1
       1       8       33        1      active sync   /dev/sdc1
       3       8       49        2      active sync   /dev/sdd1


*KREIRANJE FIZIČKOG VOLUMENA OD MD0 (RAID 5)

    lvm> pvcreate /dev/md0
      Physical volume "/dev/md0" successfully created.

    lvm> pvdisplay
      "/dev/md0" is a new physical volume of "5,99 GiB"
      --- NEW Physical volume ---
      PV Name               /dev/md0
      VG Name               
      PV Size               5,99 GiB
      Allocatable           NO
      PE Size               0   
      Total PE              0
      Free PE               0
      Allocated PE          0
      PV UUID               9MBYKw-o1EH-XP88-69Dx-UuIl-k2P0-nd2mpR


*KREIRANJE FIZIČKOG VOLUMENA SDE1 (4G)

    lvm> pvcreate /dev/sde1
      Physical volume "/dev/sde1" successfully created.

      "/dev/sde1" is a new physical volume of "<4,00 GiB"
      --- NEW Physical volume ---
      PV Name               /dev/sde1
      VG Name               
      PV Size               <4,00 GiB
      Allocatable           NO
      PE Size               0   
      Total PE              0
      Free PE               0
      Allocated PE          0
      PV UUID               nnJ2Iy-Xo2A-EsDR-AdfK-nSyi-6wzk-RPzblp


*KREIRANJE FIZIČKOG VOLUMENA SDF1 (5G)

    lvm> pvcreate /dev/sdf1
      Physical volume "/dev/sdf1" successfully created.
 
      "/dev/sdf1" is a new physical volume of "<5,00 GiB"
      --- NEW Physical volume ---
      PV Name               /dev/sdf1
      VG Name               
      PV Size               <5,00 GiB
      Allocatable           NO
      PE Size               0   
      Total PE              0
      Free PE               0
      Allocated PE          0
      PV UUID               u41KjD-i99f-a1Zc-e125-uYuM-ILCZ-073FsY
 

*KREIRANJE VOLUME GRUPE "VG_VEZBA"
  
    lvm> vgcreate vg-vezba /dev/md0 /dev/sde1 /dev/sdf1
      Volume group "vg-vezba" successfully created

    lvm> vgdisplay
      --- Volume group ---
      VG Name               vg-vezba
      System ID             
      Format                lvm2
      Metadata Areas        3
      Metadata Sequence No  2
      VG Access             read/write
      VG Status             resizable
      MAX LV                0
      Cur LV                0
      Open LV               0
      Max PV                0
      Cur PV                3
      Act PV                3
      VG Size               14,98 GiB
      PE Size               4,00 MiB
      Total PE              3835
      Alloc PE / Size       0 / 0   
      Free  PE / Size       3835 / 14,98 GiB
      VG UUID               MxAgHx-2YWD-N0Qm-RG3N-aE08-2VNQ-ue3rKG

Provera:

    lvm> vgs
      VG       #PV #LV #SN Attr   VSize  VFree 
      vg-vezba   3   0   0 wz--n- 14,98g 14,98g

 

*KREIRANJE LV OD SDE1 I SDF1                    

    lvm> lvcreate -n web vg-vezba -l100%FREE /dev/sde1 /dev/sdf1

      lvm> lvdisplay
      --- Logical volume ---
      LV Path                /dev/vg-vezba/web
      LV Name                web
      VG Name                vg-vezba
      LV UUID                chBMzI-BUIF-MPo3-G6Tx-ShGZ-2o4m-tpYpKl
      LV Write Access        read/write
      LV Creation host, time bozo-VirtualBox, 2019-04-10 15:53:13 +0200
      LV Status              available
      # open                 0
      LV Size                8,99 GiB
      Current LE             2302
      Segments               2
      Allocation             inherit
      Read ahead sectors     auto
      - currently set to     256
      Block device           253:0
 

*KREIRANJE LV OD MD0
  
    lvm> lvcreate -n users vg-vezba -l100%FREE /dev/md0
      Logical volume "users" created.

      --- Logical volume ---
      LV Path                /dev/vg-vezba/users
      LV Name                users
      VG Name                vg-vezba
      LV UUID                G0CayE-2xKx-w4vl-1cC1-6qK1-sR86-UZwL7e
      LV Write Access        read/write
      LV Creation host, time bozo-VirtualBox, 2019-04-10 15:54:05 +0200
      LV Status              available
      # open                 0
      LV Size                <5,99 GiB
      Current LE             1533
      Segments               1
      Allocation             inherit
      Read ahead sectors     auto
      - currently set to     4096
      Block device           253:1
   
    lvm> lvs
      LV    VG       Attr       LSize  Pool Origin Data%  Meta%  Move Log Cpy%Sync Convert
      users vg-vezba -wi-a----- <5,99g                                                    
      web   vg-vezba -wi-a-----  8,99g 


*KREIRANJe FILESYSTEM XFS ZA LV USERS

    sudo mkfs.xfs /dev/vg-vezba/users

    meta-data=/dev/vg-vezba/users    isize=512    agcount=8, agsize=196224 blks
             =                       sectsz=512   attr=2, projid32bit=1
             =                       crc=1        finobt=1, sparse=0, rmapbt=0, reflink=0
    data     =                       bsize=4096   blocks=1569792, imaxpct=25
             =                       sunit=128    swidth=256 blks
    naming   =version 2              bsize=4096   ascii-ci=0 ftype=1
    log      =internal log           bsize=4096   blocks=2560, version=2
             =                       sectsz=512   sunit=8 blks, lazy-count=1
    realtime =none                   extsz=4096   blocks=0, rtextents=0

   
*Kreiranje direktorijuma gde ce se mountovati lv users

    sudo mkdir /srv/users


*MOUNT USERS

    sudo mount -t xfs /dev/vg-vezba/users /srv/users


Provera:

    df -Th /srv/users/
    
      Filesystem                  Type  Size  Used Avail Use% Mounted on
      /dev/mapper/vg--vezba-users xfs   6,0G   39M  6,0G   1% /srv/users


*FILESYSTEM EXT4 ZA LV WEB

    sudo mkfs.ext4 /dev/vg-vezba/web
    sudo mke2fs 1.44.1 (24-Mar-2018)
           Creating filesystem with 2357248 4k blocks and 589824 inodes
           Filesystem UUID: 2e0f7955-33a5-48f2-88ab-ffab42368653
           Superblock backups stored on blocks: 
	       32768, 98304, 163840, 229376, 294912, 819200, 884736, 1605632

           Allocating group tables: done                            
           Writing inode tables: done                            
           Creating journal (16384 blocks): done
           Writing superblocks and filesystem accounting information: done 


*Kreiranje direktorijuma gde ce se mountovati lv web

    sudo mkdir /srv/web


*MOUNT WEB

    sudo mount -t ext4 /dev/vg-vezba/web /srv/web


Provera:

    df -Th /srv/web/
      Filesystem                Type  Size  Used Avail Use% Mounted on
      /dev/mapper/vg--vezba-web ext4  8,8G   37M  8,3G   1% /srv/web
